The system is: Windows - 10.0.26200 - AMD64
Compiling the CXX compiler identification source file "CMakeCXXCompilerId.cpp" succeeded.
Compiler:  
Build flags: 
Id flags:  

The output was:
0
╨Т╨╡╤А╤Б╨╕╤П MSBuild 17.14.40+3e7442088 ╨┤╨╗╤П .NET Framework
╨б╨▒╨╛╤А╨║╨░ ╨╜╨░╤З╨░╤В╨░ 02.06.2026 8:37:55.

╨Я╤А╨╛╨╡╨║╤В "D:\Users\Anna\VSCodeProjects\webgl\lab8\build\CMakeFiles\3.22.2\CompilerIdCXX\CompilerIdCXX.vcxproj" ╨▓ ╤Г╨╖╨╗╨╡ 1 (╤Ж╨╡╨╗╨╡╨▓╤Л╨╡ ╨╛╨▒╤К╨╡╨║╤В╤Л ╨┐╨╛ ╤Г╨╝╨╛╨╗╤З╨░╨╜╨╕╤О).
PrepareForBuild:
  ╨б╨╛╨╖╨┤╨░╨╜╨╕╨╡ ╨║╨░╤В╨░╨╗╨╛╨│╨░ "Debug\".
  ╨б╤В╤А╤Г╨║╤В╤Г╤А╨╕╤А╨╛╨▓╨░╨╜╨╜╤Л╨╣ ╨▓╤Л╨▓╨╛╨┤ ╨▓╨║╨╗╤О╤З╨╡╨╜. ╨д╨╛╤А╨╝╨░╤В╨╕╤А╨╛╨▓╨░╨╜╨╕╨╡ ╨┤╨╕╨░╨│╨╜╨╛╤Б╤В╨╕╨║╨╕ ╨║╨╛╨╝╨┐╨╕╨╗╤П╤В╨╛╤А╨░ ╨▒╤Г╨┤╨╡╤В ╨╛╤В╤А╨░╨╢╨░╤В╤М ╨╕╨╡╤А╨░╤А╤Е╨╕╤О ╨╛╤И╨╕╨▒╨╛╨║. ╨Я╨╛╨┤╤А╨╛╨▒╨╜╨╡╨╡ ╤Б╨╝. https://aka.ms/cpp/structured-output.
  ╨б╨╛╨╖╨┤╨░╨╜╨╕╨╡ ╨║╨░╤В╨░╨╗╨╛╨│╨░ "Debug\CompilerIdCXX.tlog\".
InitializeBuildStatus:
  ╨б╨╛╨╖╨┤╨░╨╜╨╕╨╡ "Debug\CompilerIdCXX.tlog\unsuccessfulbuild", ╤В╨░╨║ ╨║╨░╨║ ╨▒╤Л╨╗╨╛ ╨╖╨░╨┤╨░╨╜╨╛ "AlwaysCreate".
  ╨Ю╨▒╤А╨░╤Й╨╡╨╜╨╕╨╡ ╨║ "Debug\CompilerIdCXX.tlog\unsuccessfulbuild".
VcpkgTripletSelection:
  Using triplet "x64-windows" from "D:\src\vcpkg\installed\x64-windows\"
VcpkgCheckManifestRoot:
  The vcpkg manifest was disabled, but we found a manifest file in D:\Users\Anna\VSCodeProjects\webgl\lab8\. You may want to enable vcpkg manifests in your properties page or pass /p:VcpkgEnableManifest=true to the msbuild invocation.
ClCompile:
  D:\Programs\Microsoft Visual Studio\2022\Community\VC\Tools\MSVC\14.44.35207\bin\HostX64\x64\CL.exe /c /I"D:\src\vcpkg\installed\x64-windows\include" /nologo /W0 /WX- /diagnostics:column /Od /D _MBCS /Gm- /EHsc /RTC1 /MDd /GS /fp:precise /Zc:wchar_t /Zc:forScope /Zc:inline /Fo"Debug\\" /Fd"Debug\vc143.pdb" /external:W0 /Gd /TP /FC /errorReport:queue CMakeCXXCompilerId.cpp
  CMakeCXXCompilerId.cpp
Link:
  D:\Programs\Microsoft Visual Studio\2022\Community\VC\Tools\MSVC\14.44.35207\bin\HostX64\x64\link.exe /ERRORREPORT:QUEUE /OUT:".\CompilerIdCXX.exe" /INCREMENTAL:NO /NOLOGO /LIBPATH:"D:\src\vcpkg\installed\x64-windows\debug\lib" /LIBPATH:"D:\src\vcpkg\installed\x64-windows\debug\lib\manual-link" kernel32.lib user32.lib gdi32.lib winspool.lib comdlg32.lib advapi32.lib shell32.lib ole32.lib oleaut32.lib uuid.lib odbc32.lib odbccp32.lib "D:\src\vcpkg\installed\x64-windows\debug\lib\*.lib" /MANIFEST /MANIFESTUAC:"level='asInvoker' uiAccess='false'" /manifest:embed /PDB:".\CompilerIdCXX.pdb" /SUBSYSTEM:CONSOLE /TLBID:1 /DYNAMICBASE /NXCOMPAT /IMPLIB:".\CompilerIdCXX.lib" /MACHINE:X64 Debug\CMakeCXXCompilerId.obj
  CompilerIdCXX.vcxproj -> D:\Users\Anna\VSCodeProjects\webgl\lab8\build\CMakeFiles\3.22.2\CompilerIdCXX\CompilerIdCXX.exe
AppLocalFromInstalled:
  pwsh.exe -ExecutionPolicy Bypass -noprofile -File "D:\src\vcpkg\scripts\buildsystems\msbuild\applocal.ps1" "D:\Users\Anna\VSCodeProjects\webgl\lab8\build\CMakeFiles\3.22.2\CompilerIdCXX\CompilerIdCXX.exe" "D:\src\vcpkg\installed\x64-windows\debug\bin" "Debug\CompilerIdCXX.tlog\CompilerIdCXX.write.1u.tlog" "Debug\vcpkg.applocal.log"
  "pwsh.exe" ╨╜╨╡ ╤П╨▓╨╗╤П╨╡╤В╤Б╤П ╨▓╨╜╤Г╤В╤А╨╡╨╜╨╜╨╡╨╣ ╨╕╨╗╨╕ ╨▓╨╜╨╡╤И╨╜╨╡╨╣
  ╨║╨╛╨╝╨░╨╜╨┤╨╛╨╣, ╨╕╤Б╨┐╨╛╨╗╨╜╤П╨╡╨╝╨╛╨╣ ╨┐╤А╨╛╨│╤А╨░╨╝╨╝╨╛╨╣ ╨╕╨╗╨╕ ╨┐╨░╨║╨╡╤В╨╜╤Л╨╝ ╤Д╨░╨╣╨╗╨╛╨╝.
  ╨Т╤Л╤Е╨╛╨┤ ╨╕╨╖ ╨║╨╛╨╝╨░╨╜╨┤╤Л "pwsh.exe -ExecutionPolicy Bypass -noprofile -File "D:\src\vcpkg\scripts\buildsystems\msbuild\applocal.ps1" "D:\Users\Anna\VSCodeProjects\webgl\lab8\build\CMakeFiles\3.22.2\CompilerIdCXX\CompilerIdCXX.exe" "D:\src\vcpkg\installed\x64-windows\debug\bin" "Debug\CompilerIdCXX.tlog\CompilerIdCXX.write.1u.tlog" "Debug\vcpkg.applocal.log"" ╤Б ╨║╨╛╨┤╨╛╨╝ 9009.
  "C:\WINDOWS\System32\WindowsPowerShell\v1.0\powershell.exe" -ExecutionPolicy Bypass -noprofile -File "D:\src\vcpkg\scripts\buildsystems\msbuild\applocal.ps1" "D:\Users\Anna\VSCodeProjects\webgl\lab8\build\CMakeFiles\3.22.2\CompilerIdCXX\CompilerIdCXX.exe" "D:\src\vcpkg\installed\x64-windows\debug\bin" "Debug\CompilerIdCXX.tlog\CompilerIdCXX.write.1u.tlog" "Debug\vcpkg.applocal.log"
PostBuildEvent:
  for %%i in (cl.exe) do @echo CMAKE_CXX_COMPILER=%%~$PATH:i
  :VCEnd
  CMAKE_CXX_COMPILER=D:\Programs\Microsoft Visual Studio\2022\Community\VC\Tools\MSVC\14.44.35207\bin\Hostx64\x64\cl.exe
FinalizeBuildStatus:
  ╨д╨░╨╣╨╗ "Debug\CompilerIdCXX.tlog\unsuccessfulbuild" ╤Г╨┤╨░╨╗╤П╨╡╤В╤Б╤П.
  ╨Ю╨▒╤А╨░╤Й╨╡╨╜╨╕╨╡ ╨║ "Debug\CompilerIdCXX.tlog\CompilerIdCXX.lastbuildstate".
╨б╨▒╨╛╤А╨║╨░ ╨┐╤А╨╛╨╡╨║╤В╨░ "D:\Users\Anna\VSCodeProjects\webgl\lab8\build\CMakeFiles\3.22.2\CompilerIdCXX\CompilerIdCXX.vcxproj" ╨╖╨░╨▓╨╡╤А╤И╨╡╨╜╨░ (╤Ж╨╡╨╗╨╡╨▓╤Л╨╡ ╨╛╨▒╤К╨╡╨║╤В╤Л ╨┐╨╛ ╤Г╨╝╨╛╨╗╤З╨░╨╜╨╕╤О).

╨б╨▒╨╛╤А╨║╨░ ╤Г╤Б╨┐╨╡╤И╨╜╨╛ ╨╖╨░╨▓╨╡╤А╤И╨╡╨╜╨░.
    ╨Я╤А╨╡╨┤╤Г╨┐╤А╨╡╨╢╨┤╨╡╨╜╨╕╨╣: 0
    ╨Ю╤И╨╕╨▒╨╛╨║: 0

╨Я╤А╨╛╤И╨╗╨╛ ╨▓╤А╨╡╨╝╨╡╨╜╨╕ 00:00:02.54


Compilation of the CXX compiler identification source "CMakeCXXCompilerId.cpp" produced "CompilerIdCXX.exe"

Compilation of the CXX compiler identification source "CMakeCXXCompilerId.cpp" produced "CompilerIdCXX.vcxproj"

The CXX compiler identification is MSVC, found in "D:/Users/Anna/VSCodeProjects/webgl/lab8/build/CMakeFiles/3.22.2/CompilerIdCXX/CompilerIdCXX.exe"

Detecting CXX compiler ABI info compiled with the following output:
Change Dir: D:/Users/Anna/VSCodeProjects/webgl/lab8/build/CMakeFiles/CMakeTmp

Run Build Command(s):D:/Programs/Microsoft Visual Studio/2022/Community/MSBuild/Current/Bin/amd64/MSBuild.exe cmTC_33fae.vcxproj /p:Configuration=Debug /p:Platform=x64 /p:VisualStudioVersion=17.0 /v:m && ╨Т╨╡╤А╤Б╨╕╤П MSBuild 17.14.40+3e7442088 ╨┤╨╗╤П .NET Framework

  The vcpkg manifest was disabled, but we found a manifest file in D:\Users\Anna\VSCodeProjects\webgl\lab8\. You may want to enable vcpkg manifests in your properties page or pass /p:VcpkgEnableManifest=true to the msbuild invocation.
  ╨Ю╨┐╤В╨╕╨╝╨╕╨╖╨╕╤А╤Г╤О╤Й╨╕╨╣ ╨║╨╛╨╝╨┐╨╕╨╗╤П╤В╨╛╤А Microsoft (R) C/C++ ╨▓╨╡╤А╤Б╨╕╨╕ 19.44.35227 ╨┤╨╗╤П x64
  (C) ╨Ъ╨╛╤А╨┐╨╛╤А╨░╤Ж╨╕╤П ╨Ь╨░╨╣╨║╤А╨╛╤Б╨╛╤Д╤В (Microsoft Corporation).  ╨Т╤Б╨╡ ╨┐╤А╨░╨▓╨░ ╨╖╨░╤Й╨╕╤Й╨╡╨╜╤Л.
  cl /c /I"D:\src\vcpkg\installed\x64-windows\include" /Zi /W1 /WX- /diagnostics:column /Od /Ob0 /D _MBCS /D WIN32 /D _WINDOWS /D "CMAKE_INTDIR=\"Debug\"" /Gm- /EHsc /RTC1 /MDd /GS /fp:precise /Zc:wchar_t /Zc:forScope /Zc:inline /GR /Fo"cmTC_33fae.dir\Debug\\" /Fd"cmTC_33fae.dir\Debug\vc143.pdb" /external:W1 /Gd /TP /errorReport:queue "D:\src\vcpkg\downloads\tools\cmake-3.22.2-windows\cmake-3.22.2-windows-i386\share\cmake-3.22\Modules\CMakeCXXCompilerABI.cpp"
  CMakeCXXCompilerABI.cpp
  cmTC_33fae.vcxproj -> D:\Users\Anna\VSCodeProjects\webgl\lab8\build\CMakeFiles\CMakeTmp\Debug\cmTC_33fae.exe



Compiling the C compiler identification source file "CMakeCCompilerId.c" succeeded.
Compiler:  
Build flags: 
Id flags:  

The output was:
0
╨Т╨╡╤А╤Б╨╕╤П MSBuild 17.14.40+3e7442088 ╨┤╨╗╤П .NET Framework
╨б╨▒╨╛╤А╨║╨░ ╨╜╨░╤З╨░╤В╨░ 02.06.2026 8:38:11.

╨Я╤А╨╛╨╡╨║╤В "D:\Users\Anna\VSCodeProjects\webgl\lab8\build\CMakeFiles\3.22.2\CompilerIdC\CompilerIdC.vcxproj" ╨▓ ╤Г╨╖╨╗╨╡ 1 (╤Ж╨╡╨╗╨╡╨▓╤Л╨╡ ╨╛╨▒╤К╨╡╨║╤В╤Л ╨┐╨╛ ╤Г╨╝╨╛╨╗╤З╨░╨╜╨╕╤О).
PrepareForBuild:
  ╨б╨╛╨╖╨┤╨░╨╜╨╕╨╡ ╨║╨░╤В╨░╨╗╨╛╨│╨░ "Debug\".
  ╨б╤В╤А╤Г╨║╤В╤Г╤А╨╕╤А╨╛╨▓╨░╨╜╨╜╤Л╨╣ ╨▓╤Л╨▓╨╛╨┤ ╨▓╨║╨╗╤О╤З╨╡╨╜. ╨д╨╛╤А╨╝╨░╤В╨╕╤А╨╛╨▓╨░╨╜╨╕╨╡ ╨┤╨╕╨░╨│╨╜╨╛╤Б╤В╨╕╨║╨╕ ╨║╨╛╨╝╨┐╨╕╨╗╤П╤В╨╛╤А╨░ ╨▒╤Г╨┤╨╡╤В ╨╛╤В╤А╨░╨╢╨░╤В╤М ╨╕╨╡╤А╨░╤А╤Е╨╕╤О ╨╛╤И╨╕╨▒╨╛╨║. ╨Я╨╛╨┤╤А╨╛╨▒╨╜╨╡╨╡ ╤Б╨╝. https://aka.ms/cpp/structured-output.
  ╨б╨╛╨╖╨┤╨░╨╜╨╕╨╡ ╨║╨░╤В╨░╨╗╨╛╨│╨░ "Debug\CompilerIdC.tlog\".
InitializeBuildStatus:
  ╨б╨╛╨╖╨┤╨░╨╜╨╕╨╡ "Debug\CompilerIdC.tlog\unsuccessfulbuild", ╤В╨░╨║ ╨║╨░╨║ ╨▒╤Л╨╗╨╛ ╨╖╨░╨┤╨░╨╜╨╛ "AlwaysCreate".
  ╨Ю╨▒╤А╨░╤Й╨╡╨╜╨╕╨╡ ╨║ "Debug\CompilerIdC.tlog\unsuccessfulbuild".
VcpkgTripletSelection:
  Using triplet "x64-windows" from "D:\src\vcpkg\installed\x64-windows\"
VcpkgCheckManifestRoot:
  The vcpkg manifest was disabled, but we found a manifest file in D:\Users\Anna\VSCodeProjects\webgl\lab8\. You may want to enable vcpkg manifests in your properties page or pass /p:VcpkgEnableManifest=true to the msbuild invocation.
ClCompile:
  D:\Programs\Microsoft Visual Studio\2022\Community\VC\Tools\MSVC\14.44.35207\bin\HostX64\x64\CL.exe /c /I"D:\src\vcpkg\installed\x64-windows\include" /nologo /W0 /WX- /diagnostics:column /Od /D _MBCS /Gm- /EHsc /RTC1 /MDd /GS /fp:precise /Zc:wchar_t /Zc:forScope /Zc:inline /Fo"Debug\\" /Fd"Debug\vc143.pdb" /external:W0 /Gd /TC /FC /errorReport:queue CMakeCCompilerId.c
  CMakeCCompilerId.c
Link:
  D:\Programs\Microsoft Visual Studio\2022\Community\VC\Tools\MSVC\14.44.35207\bin\HostX64\x64\link.exe /ERRORREPORT:QUEUE /OUT:".\CompilerIdC.exe" /INCREMENTAL:NO /NOLOGO /LIBPATH:"D:\src\vcpkg\installed\x64-windows\debug\lib" /LIBPATH:"D:\src\vcpkg\installed\x64-windows\debug\lib\manual-link" kernel32.lib user32.lib gdi32.lib winspool.lib comdlg32.lib advapi32.lib shell32.lib ole32.lib oleaut32.lib uuid.lib odbc32.lib odbccp32.lib "D:\src\vcpkg\installed\x64-windows\debug\lib\*.lib" /MANIFEST /MANIFESTUAC:"level='asInvoker' uiAccess='false'" /manifest:embed /PDB:".\CompilerIdC.pdb" /SUBSYSTEM:CONSOLE /TLBID:1 /DYNAMICBASE /NXCOMPAT /IMPLIB:".\CompilerIdC.lib" /MACHINE:X64 Debug\CMakeCCompilerId.obj
  CompilerIdC.vcxproj -> D:\Users\Anna\VSCodeProjects\webgl\lab8\build\CMakeFiles\3.22.2\CompilerIdC\CompilerIdC.exe
AppLocalFromInstalled:
  pwsh.exe -ExecutionPolicy Bypass -noprofile -File "D:\src\vcpkg\scripts\buildsystems\msbuild\applocal.ps1" "D:\Users\Anna\VSCodeProjects\webgl\lab8\build\CMakeFiles\3.22.2\CompilerIdC\CompilerIdC.exe" "D:\src\vcpkg\installed\x64-windows\debug\bin" "Debug\CompilerIdC.tlog\CompilerIdC.write.1u.tlog" "Debug\vcpkg.applocal.log"
  "pwsh.exe" ╨╜╨╡ ╤П╨▓╨╗╤П╨╡╤В╤Б╤П ╨▓╨╜╤Г╤В╤А╨╡╨╜╨╜╨╡╨╣ ╨╕╨╗╨╕ ╨▓╨╜╨╡╤И╨╜╨╡╨╣
  ╨║╨╛╨╝╨░╨╜╨┤╨╛╨╣, ╨╕╤Б╨┐╨╛╨╗╨╜╤П╨╡╨╝╨╛╨╣ ╨┐╤А╨╛╨│╤А╨░╨╝╨╝╨╛╨╣ ╨╕╨╗╨╕ ╨┐╨░╨║╨╡╤В╨╜╤Л╨╝ ╤Д╨░╨╣╨╗╨╛╨╝.
  ╨Т╤Л╤Е╨╛╨┤ ╨╕╨╖ ╨║╨╛╨╝╨░╨╜╨┤╤Л "pwsh.exe -ExecutionPolicy Bypass -noprofile -File "D:\src\vcpkg\scripts\buildsystems\msbuild\applocal.ps1" "D:\Users\Anna\VSCodeProjects\webgl\lab8\build\CMakeFiles\3.22.2\CompilerIdC\CompilerIdC.exe" "D:\src\vcpkg\installed\x64-windows\debug\bin" "Debug\CompilerIdC.tlog\CompilerIdC.write.1u.tlog" "Debug\vcpkg.applocal.log"" ╤Б ╨║╨╛╨┤╨╛╨╝ 9009.
  "C:\WINDOWS\System32\WindowsPowerShell\v1.0\powershell.exe" -ExecutionPolicy Bypass -noprofile -File "D:\src\vcpkg\scripts\buildsystems\msbuild\applocal.ps1" "D:\Users\Anna\VSCodeProjects\webgl\lab8\build\CMakeFiles\3.22.2\CompilerIdC\CompilerIdC.exe" "D:\src\vcpkg\installed\x64-windows\debug\bin" "Debug\CompilerIdC.tlog\CompilerIdC.write.1u.tlog" "Debug\vcpkg.applocal.log"
PostBuildEvent:
  for %%i in (cl.exe) do @echo CMAKE_C_COMPILER=%%~$PATH:i
  :VCEnd
  CMAKE_C_COMPILER=D:\Programs\Microsoft Visual Studio\2022\Community\VC\Tools\MSVC\14.44.35207\bin\Hostx64\x64\cl.exe
FinalizeBuildStatus:
  ╨д╨░╨╣╨╗ "Debug\CompilerIdC.tlog\unsuccessfulbuild" ╤Г╨┤╨░╨╗╤П╨╡╤В╤Б╤П.
  ╨Ю╨▒╤А╨░╤Й╨╡╨╜╨╕╨╡ ╨║ "Debug\CompilerIdC.tlog\CompilerIdC.lastbuildstate".
╨б╨▒╨╛╤А╨║╨░ ╨┐╤А╨╛╨╡╨║╤В╨░ "D:\Users\Anna\VSCodeProjects\webgl\lab8\build\CMakeFiles\3.22.2\CompilerIdC\CompilerIdC.vcxproj" ╨╖╨░╨▓╨╡╤А╤И╨╡╨╜╨░ (╤Ж╨╡╨╗╨╡╨▓╤Л╨╡ ╨╛╨▒╤К╨╡╨║╤В╤Л ╨┐╨╛ ╤Г╨╝╨╛╨╗╤З╨░╨╜╨╕╤О).

╨б╨▒╨╛╤А╨║╨░ ╤Г╤Б╨┐╨╡╤И╨╜╨╛ ╨╖╨░╨▓╨╡╤А╤И╨╡╨╜╨░.
    ╨Я╤А╨╡╨┤╤Г╨┐╤А╨╡╨╢╨┤╨╡╨╜╨╕╨╣: 0
    ╨Ю╤И╨╕╨▒╨╛╨║: 0

╨Я╤А╨╛╤И╨╗╨╛ ╨▓╤А╨╡╨╝╨╡╨╜╨╕ 00:00:01.52


Compilation of the C compiler identification source "CMakeCCompilerId.c" produced "CompilerIdC.exe"

Compilation of the C compiler identification source "CMakeCCompilerId.c" produced "CompilerIdC.vcxproj"

The C compiler identification is MSVC, found in "D:/Users/Anna/VSCodeProjects/webgl/lab8/build/CMakeFiles/3.22.2/CompilerIdC/CompilerIdC.exe"

Detecting C compiler ABI info compiled with the following output:
Change Dir: D:/Users/Anna/VSCodeProjects/webgl/lab8/build/CMakeFiles/CMakeTmp

Run Build Command(s):D:/Programs/Microsoft Visual Studio/2022/Community/MSBuild/Current/Bin/amd64/MSBuild.exe cmTC_ceedc.vcxproj /p:Configuration=Debug /p:Platform=x64 /p:VisualStudioVersion=17.0 /v:m && ╨Т╨╡╤А╤Б╨╕╤П MSBuild 17.14.40+3e7442088 ╨┤╨╗╤П .NET Framework

  The vcpkg manifest was disabled, but we found a manifest file in D:\Users\Anna\VSCodeProjects\webgl\lab8\. You may want to enable vcpkg manifests in your properties page or pass /p:VcpkgEnableManifest=true to the msbuild invocation.
  ╨Ю╨┐╤В╨╕╨╝╨╕╨╖╨╕╤А╤Г╤О╤Й╨╕╨╣ ╨║╨╛╨╝╨┐╨╕╨╗╤П╤В╨╛╤А Microsoft (R) C/C++ ╨▓╨╡╤А╤Б╨╕╨╕ 19.44.35227 ╨┤╨╗╤П x64
  (C) ╨Ъ╨╛╤А╨┐╨╛╤А╨░╤Ж╨╕╤П ╨Ь╨░╨╣╨║╤А╨╛╤Б╨╛╤Д╤В (Microsoft Corporation).  ╨Т╤Б╨╡ ╨┐╤А╨░╨▓╨░ ╨╖╨░╤Й╨╕╤Й╨╡╨╜╤Л.
  cl /c /I"D:\src\vcpkg\installed\x64-windows\include" /Zi /W1 /WX- /diagnostics:column /Od /Ob0 /D _MBCS /D WIN32 /D _WINDOWS /D "CMAKE_INTDIR=\"Debug\"" /Gm- /RTC1 /MDd /GS /fp:precise /Zc:wchar_t /Zc:forScope /Zc:inline /Fo"cmTC_ceedc.dir\Debug\\" /Fd"cmTC_ceedc.dir\Debug\vc143.pdb" /external:W1 /Gd /TC /errorReport:queue "D:\src\vcpkg\downloads\tools\cmake-3.22.2-windows\cmake-3.22.2-windows-i386\share\cmake-3.22\Modules\CMakeCCompilerABI.c"
  CMakeCCompilerABI.c
  cmTC_ceedc.vcxproj -> D:\Users\Anna\VSCodeProjects\webgl\lab8\build\CMakeFiles\CMakeTmp\Debug\cmTC_ceedc.exe



